<html>
<body>
<pre>
<h1>µVision Build Log</h1>
<h2>Tool Versions:</h2>
IDE-Version: £gVision V5.42.0.0
Copyright (C) 2025 ARM Ltd and ARM Germany GmbH. All rights reserved.
License Information: will chen, student, LIC=----
 
Tool Versions:
Toolchain:       MDK-Lite  Version: 5.42.0.0
Toolchain Path:  C:\Users\hpshp\AppData\Local\Keil_v5\ARM\ARMCLANG\Bin
C Compiler:      ArmClang.exe V6.23
Assembler:       Armasm.exe V6.23
Linker/Locator:  ArmLink.exe V6.23
Library Manager: ArmAr.exe V6.23
Hex Converter:   FromElf.exe V6.23
CPU DLL:         SARMCM3.DLL V5.42.0.0
Dialog DLL:      DCM.DLL V1.17.5.0
Target DLL:      STLink\ST-LINKIII-KEIL_SWO.dll V3.3.0.0
Dialog DLL:      TCM.DLL V1.56.6.0
 
<h2>Project:</h2>
C:\workspace\stm32\03_uart\MDK-ARM\03_uart.uvprojx
Project File Date:  03/27/2025

<h2>Output:</h2>
*** Using Compiler 'V6.23', folder: 'C:\Users\hpshp\AppData\Local\Keil_v5\ARM\ARMCLANG\Bin'
Rebuild target '03_uart'
compiling stm32f4xx_hal_msp.c...
compiling gpio.c...
assembling startup_stm32f411xe.s...
compiling stm32f4xx_it.c...
compiling usart.c...
compiling main.c...
compiling stm32f4xx_hal_flash_ramfunc.c...
compiling stm32f4xx_hal_flash.c...
compiling stm32f4xx_hal_rcc_ex.c...
compiling stm32f4xx_hal_gpio.c...
compiling stm32f4xx_hal_flash_ex.c...
compiling stm32f4xx_hal_rcc.c...
compiling stm32f4xx_hal_uart.c...
compiling stm32f4xx_hal_pwr.c...
compiling stm32f4xx_hal_dma_ex.c...
compiling stm32f4xx_hal_pwr_ex.c...
compiling stm32f4xx_hal_cortex.c...
compiling stm32f4xx_hal.c...
compiling stm32f4xx_hal_dma.c...
compiling stm32f4xx_hal_exti.c...
compiling system_stm32f4xx.c...
linking...
Program Size: Code=4374 RO-data=466 RW-data=12 ZI-data=1716  
FromELF: creating hex file...
"03_uart\03_uart.axf" - 0 Error(s), 0 Warning(s).

<h2>Software Packages used:</h2>

Package Vendor: ARM
                https://www.keil.com/pack/ARM.CMSIS.6.1.0.pack
                ARM::CMSIS@6.1.0
                CMSIS (Common Microcontroller Software Interface Standard)
   * Component: CORE Version: 6.1.0

Package Vendor: Keil
                https://www.keil.com/pack/Keil.STM32F4xx_DFP.3.0.0.pack
                Keil::STM32F4xx_DFP@3.0.0
                STMicroelectronics STM32F4 Series Device Support

<h2>Collection of Component include folders:</h2>
  ./RTE/_03_uart
  C:/Users/hpshp/AppData/Local/Arm/Packs/ARM/CMSIS/6.1.0/CMSIS/Core/Include

<h2>Collection of Component Files used:</h2>

   * Component: ARM::CMSIS:CORE@6.1.0
      Include file:  CMSIS/Core/Include/tz_context.h
Build Time Elapsed:  00:00:02
</pre>
</body>
</html>
